   88.5999985       18.3461056       41.2613945       8.15725231    
   90.5999985       17.4961853       39.3498764       7.77935076    
   92.5999985       16.6994648       37.5580063       7.42510414    
   94.5999985       15.9516754       35.8761902       7.09261370    
   96.5999985       15.2489605       34.2957458       6.78016472    
   98.5999985       14.5878181       32.8087997       6.48619986    
   100.599998       13.9651184       31.4083138       6.20932865    
   102.599998       13.3779869       30.0878239       5.94827127    
   104.599998       12.8238220       28.8414764       5.70187235    
   106.599998       12.3002567       27.6639481       5.46907854    
   108.599998       11.8051243       26.5503654       5.24892712    
   110.599998       11.3364677       25.4963360       5.04054785    
   112.599998       10.8924551       24.4977245       4.84312630    
   114.599998       10.4714651       23.5508976       4.65594101    
   116.599998       10.0719528       22.6523724       4.47830534    
   118.599998       9.69252968       21.7990303       4.30960178    
   120.599998       9.33191490       20.9879875       4.14926147    
   122.599998       8.98892021       20.2165718       3.99675488    
   124.599998       8.66244507       19.4823112       3.85159397    
   126.599998       8.35149002       18.7829552       3.71333337    
   128.600006       8.05511093       18.1163826       3.58155394    
   130.600006       7.77244759       17.4806595       3.45587325    
   132.600006       7.50269032       16.8739605       3.33593082    
   134.600006       7.24510622       16.2946396       3.22140074    
   136.600006       6.99898243       15.7410936       3.11196661    
   138.600006       6.76368999       15.2119074       3.00734806    
   140.600006       6.54611158       14.7225628       2.91060591    
   142.600006       6.35483599       14.2923727       2.82555866    
   144.600006       6.17144489       13.8799181       2.74401736    
   146.600006       5.99554348       13.4843044       2.66580629    
   148.600006       5.82672215       13.1046162       2.59074306    
   150.600006       5.66462278       12.7400465       2.51866841    
   152.600006       5.50890064       12.3898201       2.44942951    
   154.600006       5.35924864       12.0532417       2.38288951    
   156.600006       5.21535015       11.7296076       2.31890774    
   158.600006       5.07692766       11.4182873       2.25736094    
   160.600006       4.94372559       11.1187077       2.19813490    
   162.600006       4.81547642       10.8302698       2.14111137    
   164.600006       4.69195890       10.5524712       2.08619165    
   166.600006       4.57295132       10.2848177       2.03327727    
   168.600006       4.45823288       10.0268097       1.98226964    
   170.600006       4.34761715       9.77802849       1.93308663    
   172.600006       4.24091911       9.53805923       1.88564539    
   174.600006       4.13795805       9.30649281       1.83986545    
   176.600006       4.03856850       9.08296013       1.79567385    
   178.600006       3.94259644       8.86711407       1.75300145    
   180.600006       3.84989023       8.65861320       1.71178162    
   182.600006       3.76030660       8.45713615       1.67194986    
   184.600006       3.67371988       8.26239586       1.63345063    
   186.600006       3.59000039       8.07410812       1.59622645    
   188.600006       3.50902629       7.89199162       1.56022274    
   190.600006       3.43068504       7.71579838       1.52538991    
   192.600006       3.35487127       7.54528856       1.49168062    
   194.600006       3.28147984       7.38022709       1.45904851    
   196.600006       3.21041131       7.22039080       1.42744923    
   198.600006       3.14157677       7.06557703       1.39684319    
   200.600006       3.07488561       6.91558552       1.36719036    
   202.600006       3.01025677       6.77023220       1.33845425    
   204.600006       2.94760513       6.62932491       1.31059742    
   206.600006       2.88686085       6.49270773       1.28358865    
   208.600006       2.82794428       6.36020136       1.25739253    
   210.600006       2.77079058       6.23165989       1.23198009    
   212.600006       2.71533370       6.10693359       1.20732224    
   214.600006       2.66150999       5.98588085       1.18339050    
   216.600006       2.60925722       5.86836147       1.16015732    
   218.600006       2.55852246       5.75425625       1.13759911    
   220.600006       2.50924635       5.64343214       1.11568952    
   222.600006       2.46137881       5.53577518       1.09440589    
   224.600006       2.41486859       5.43117094       1.07372606    
   226.600006       2.36966538       5.32950687       1.05362737    
   228.600006       2.32572699       5.23068714       1.03409100    
   230.600006       2.28300905       5.13461208       1.01509714    
   232.600006       2.24146700       5.04118156      0.996626318    
   234.600006       2.20106292       4.95031071      0.978661418    
   236.600006       2.16175556       4.86190701      0.961184204    
   238.600006       2.12351036       4.77589035      0.944179058    
   240.600006       2.08252954       4.68372250      0.925957799    
   242.600006       2.03404021       4.57466745      0.904397905    
   244.600006       1.98691130       4.46867180      0.883442879    
   246.600006       1.94109166       4.36562109      0.863070011    
   248.600006       1.89654100       4.26542425      0.843261480    
   250.600006       1.85321641       4.16798496      0.823997974    
   252.600006       1.81107807       4.07321358      0.805261910    
   254.600006       1.77008653       3.98102140      0.787035823    
   256.600006       1.73020530       3.89132643      0.769303381    
   258.600006       1.69139719       3.80404472      0.752048016    
   260.600006       1.65362644       3.71909618      0.735254049    
   262.600006       1.61686075       3.63640809      0.718906879    
   264.600006       1.58107042       3.55591393      0.702993393    
   266.600006       1.54622173       3.47753716      0.687498569    
   268.600006       1.51228547       3.40121269      0.672409415    
   270.600006       1.47923374       3.32687759      0.657713652    
   272.600006       1.44703794       3.25446749      0.643398345    
   274.600006       1.41567349       3.18392706      0.629452705    
   276.600006       1.38511348       3.11519599      0.615864754    
   278.600006       1.35533381       3.04821968      0.602623761    
   280.600006       1.32630920       2.98294210      0.589718580    
   282.600006       1.29802024       2.91931844      0.577140391    
   284.600006       1.27044213       2.85729361      0.564878285    
   286.600006       1.24355364       2.79682016      0.552922845    
   288.600006       1.21733451       2.73785210      0.541265070    
   290.600006       1.19176650       2.68034792      0.529896617    
   292.600006       1.16683006       2.62426472      0.518809199    
   294.600006       1.14250588       2.56955814      0.507993817    
   296.600006       1.11877584       2.51618814      0.497442782    
   298.600006       1.09562409       2.46411848      0.487148702    
   300.600006       1.07303274       2.41330934      0.477103919    
   302.600006       1.05098569       2.36372423      0.467301130    
   304.600006       1.02946854       2.31533098      0.457733929    
   306.600006       1.00846612       2.26809549      0.448395550    
   308.600006      0.987963676       2.22198439      0.439279556    
   310.600006      0.967946172       2.17696381      0.430379152    
   312.600006      0.948402762       2.13300967      0.421689510    
   314.600006      0.929318428       2.09008789      0.413204014    
   316.600006      0.910679042       2.04816699      0.404916376    
   318.600006      0.892475247       2.00722551      0.396822423    
   320.600006      0.874693930       1.96723437      0.388916284    
   322.600006      0.857323408       1.92816710      0.381192803    
   324.600006      0.840353131       1.89000010      0.373647273    
   326.600006      0.823771238       1.85270655      0.366274476    
   328.600006      0.807567835       1.81626427      0.359069943    
   330.600006      0.791733742       1.78065240      0.352029562    
   332.600006      0.776257813       1.74584627      0.345148504    
   334.600006      0.761132002       1.71182752      0.338423073    
   336.600006      0.746345162       1.67857111      0.331848383    
   338.600006      0.731890678       1.64606202      0.325421453    
   340.600006      0.717757821       1.61427641      0.319137573    
   342.600006      0.703939617       1.58319855      0.312993526    
   344.600006      0.690427542       1.55280924      0.306985676    
   346.600006      0.677213550       1.52309024      0.301110327    
   348.600006      0.664289713       1.49402380      0.295363963    
   350.600006      0.651648939       1.46559405      0.289743513    
   352.600006      0.639284551       1.43778586      0.284245908    
   354.600006      0.627189159       1.41058266      0.278867900    
   356.600006      0.615355015       1.38396716      0.273606092    
   358.600006      0.603777289       1.35792816      0.268458277    
   360.600006      0.592448056       1.33244801      0.263420939    
   362.600006      0.581362009       1.30751491      0.258491725    
   364.600006      0.570512891       1.28311455      0.253667861    
   366.600006      0.559895039       1.25923455      0.248946846    
   368.600006      0.549503207       1.23586273      0.244326293    
   370.600006      0.539330304       1.21298337      0.239803106    
   372.600006      0.529372454       1.19058752      0.235375553    
   374.600006      0.519623518       1.16866171      0.231040865    
   376.600006      0.510078788       1.14719510      0.226796985    
   378.600006      0.500734150       1.12617850      0.222642064    
   380.600006      0.491582841       1.10559666      0.218573123    
   382.600006      0.482622087       1.08544350      0.214588881    
   384.600006      0.473847032       1.06570792      0.210687220    
   386.600006      0.465252519       1.04637825      0.206865817    
   388.600006      0.456834823       1.02744651      0.203123033    
   390.600006      0.448589712       1.00890279      0.199457005    
   392.600006      0.440512747      0.990737259      0.195865750    
   394.600006      0.432600707      0.972942591      0.192347795    
   396.600006      0.424848914      0.955508471      0.188901126    
   398.600006      0.417253971      0.938426971      0.185524151    
   400.600006      0.409812748      0.921691298      0.182215557    
   402.600006      0.402521491      0.905292749      0.178973630    
   404.600006      0.395375937      0.889222026      0.175796509    
   406.600006      0.388373494      0.873473167      0.172683001    
   408.600006      0.381510973      0.858039021      0.169631720    
   410.600006      0.374784589      0.842911005      0.166640937    
   412.600006      0.368191719      0.828083217      0.163709551    
   414.600006      0.361729920      0.813550234      0.160836428    
   416.600006      0.355395138      0.799303114      0.158019796    
   418.600006      0.349184692      0.785335422      0.155258432    
   420.600006      0.343096375      0.771642566      0.152551383    
   422.600006      0.337127209      0.758217454      0.149897292    
   424.600006      0.331274569      0.745054603      0.147295028    
   426.600006      0.325535715      0.732147574      0.144743368    
   428.600006      0.319908202      0.719491065      0.142241195    
   430.600006      0.314389765      0.707079709      0.139787510    
   432.600006      0.308977664      0.694907665      0.137381122    
   434.600006      0.303669691      0.682969809      0.135021061    
   436.600006      0.298463792      0.671261370      0.132706344    
   438.600006      0.293357730      0.659777582      0.130436033    
   440.600006      0.288349181      0.648513079      0.128209054    
   442.600006      0.283435762      0.637462556      0.126024410    
   444.600006      0.278615892      0.626622319      0.123881340    
   446.600006      0.273887277      0.615987420      0.121778853    
   448.600006      0.269248337      0.605554223      0.119716227    
   450.600006      0.264697045      0.595318079      0.117692575    
   452.600006      0.260231227      0.585274220      0.115706936    
   454.600006      0.255849183      0.575418830      0.113758549    
   456.600006      0.251549244      0.565747917      0.111846656    
   458.600006      0.247329414      0.556257367      0.109970391    
   460.600006      0.243188649      0.546944559      0.108129278    
   462.600006      0.239124596      0.537804246      0.106322266    
   464.600006      0.235136151      0.528834045      0.104548886    
   466.600006      0.231221393      0.520029545      0.102808259    
   468.600006      0.227378711      0.511387110      0.101099685    
   470.600006      0.223607123      0.502904654       9.94227231E-02
   472.600006      0.219904765      0.494577825       9.77765322E-02
   474.600006      0.216270447      0.486404061       9.61606055E-02
   476.600006      0.212702408      0.478379309       9.45741385E-02
   478.600006      0.209199488      0.470501065       9.30166245E-02
   480.600006      0.205760345      0.462766230       9.14874822E-02
   482.600006      0.202383742      0.455172062       8.99861380E-02
   484.600006      0.199068457      0.447715819       8.85120556E-02
   486.600006      0.195812851      0.440393776       8.70645195E-02
   488.600006      0.192616403      0.433204800       8.56432691E-02
   490.600006      0.189477339      0.426144868       8.42475593E-02
   492.600006      0.186394751      0.419211984       8.28769356E-02
   494.600006      0.183367357      0.412403196       8.15308690E-02
   496.600006      0.180394262      0.405716568       8.02089274E-02
   498.600006      0.177474260      0.399149299       7.89106190E-02
   500.600006      0.174606130      0.392698705       7.76353404E-02
   502.600006      0.171789199      0.386363298       7.63828456E-02
   504.600006      0.169022232      0.380140185       7.51525685E-02
   506.600006      0.166304186      0.374027193       7.39440322E-02
   508.600006      0.163634181      0.368022203       7.27568716E-02
   510.600006      0.161011443      0.362123549       7.15907142E-02
   512.599976      0.158434808      0.356328517       7.04450607E-02
   514.599976      0.155903459      0.350635380       6.93195537E-02
   516.599976      0.153416425      0.345041931       6.82137311E-02
   518.599976      0.150972843      0.339546174       6.71272427E-02
   520.599976      0.148571968      0.334146500       6.60597533E-02
   522.599976      0.146212965      0.328840971       6.50108606E-02
   524.599976      0.143895075      0.323627859       6.39802516E-02
   526.599976      0.141617328      0.318505108       6.29674867E-02
   528.599976      0.139379159      0.313471317       6.19723387E-02
   530.599976      0.137179673      0.308524609       6.09943718E-02
   532.599976      0.135018170      0.303663254       6.00333065E-02
   534.599976      0.132893786      0.298885375       5.90887293E-02
   536.599976      0.130805984      0.294189781       5.81604354E-02
   538.599976      0.128754228      0.289575279       5.72481528E-02
   540.599976      0.126737446      0.285039425       5.63514307E-02
   542.599976      0.124755263      0.280581415       5.54700866E-02
   544.599976      0.122806773      0.276199162       5.46037406E-02
   546.599976      0.120891511      0.271891594       5.37521429E-02
   548.599976      0.119008832      0.267657369       5.29150441E-02
   550.599976      0.117158204      0.263495177       5.20922020E-02
   552.599976      0.115338758      0.259403169       5.12832142E-02
   554.599976      0.113550305      0.255380839       5.04880212E-02
   556.599976      0.111791924      0.251426131       4.97061834E-02
   558.599976      0.110063314      0.247538388       4.89375927E-02
   560.599976      0.108363688      0.243715838       4.81818765E-02
   562.599976      0.106692642      0.239957586       4.74388897E-02
   564.599976      0.105049565      0.236262202       4.67083231E-02
   566.599976      0.103434183      0.232629120       4.59900722E-02
   568.599976      0.101845644      0.229056418       4.52837572E-02
   570.599976      0.100283712      0.225543529       4.45892736E-02
   572.599976       9.87476781E-02  0.222088918       4.39063013E-02
   574.599976       9.72371995E-02  0.218691766       4.32347022E-02
   576.599976       9.57519338E-02  0.215351313       4.25743014E-02
   578.599976       9.42910835E-02  0.212065801       4.19247635E-02
   580.599976       9.28545892E-02  0.208835050       4.12860587E-02
   582.599976       9.14416909E-02  0.205657348       4.06578332E-02
   584.599976       9.00521576E-02  0.202532232       4.00400087E-02
   586.599976       8.86854976E-02  0.199458539       3.94323468E-02
   588.599976       8.73413160E-02  0.196435392       3.88346836E-02
   590.599976       8.60191882E-02  0.193461835       3.82468179E-02
   592.599976       8.47186744E-02  0.190536931       3.76685709E-02
   594.599976       8.34394544E-02  0.187659889       3.70997898E-02
   596.599976       8.21812823E-02  0.184830189       3.65403667E-02
   598.599976       8.09433907E-02  0.182046115       3.59899625E-02
   600.599976       7.97258392E-02  0.179307759       3.54486033E-02
   602.599976       7.85280466E-02  0.176613852       3.49160209E-02
   604.599976       7.73496181E-02  0.173963517       3.43920588E-02
   606.599976       7.61903673E-02  0.171356291       3.38766202E-02
   608.599976       7.50497952E-02  0.168791085       3.33694853E-02
   610.599976       7.39277154E-02  0.166267455       3.28705721E-02
   612.599976       7.28237405E-02  0.163784564       3.23797129E-02
   614.599976       7.17375353E-02  0.161341637       3.18967514E-02
   616.599976       7.06688315E-02  0.158938050       3.14215720E-02
   618.599976       6.96172863E-02  0.156573087       3.09540257E-02
   620.599976       6.85825795E-02  0.154245973       3.04939598E-02
   622.599976       6.75645322E-02  0.151956320       3.00413035E-02
   624.599976       6.65626675E-02  0.149703085       2.95958444E-02
   626.599976       6.55768365E-02  0.147485882       2.91575119E-02
   628.599976       6.46067187E-02  0.145304039       2.87261680E-02
   630.599976       6.36520907E-02  0.143157035       2.83017121E-02
   632.599976       6.27125800E-02  0.141044021       2.78839748E-02
   634.599976       6.17879778E-02  0.138964534       2.74728667E-02
   636.599976       6.08780570E-02  0.136918068       2.70682871E-02
   638.599976       5.99825159E-02  0.134903938       2.66701020E-02
   640.599976       5.91012090E-02  0.132921845       2.62782462E-02
   642.599976       5.82337305E-02  0.130970836       2.58925371E-02
   644.599976       5.73799461E-02  0.129050627       2.55129188E-02
   646.599976       5.65396547E-02  0.127160788       2.51392983E-02
   648.599976       5.57126105E-02  0.125300705       2.47715674E-02
   650.599976       5.48984818E-02  0.123469695       2.44095828E-02
   652.599976       5.40971048E-02  0.121667340       2.40532644E-02
   654.599976       5.33083417E-02  0.119893372       2.37025563E-02
   656.599976       5.25318496E-02  0.118147001       2.33573020E-02
   658.599976       5.17674983E-02  0.116427928       2.30174493E-02
   660.599976       5.10150753E-02  0.114735693       2.26828977E-02
   662.599976       5.02743945E-02  0.113069862       2.23535672E-02
   664.599976       4.95451912E-02  0.111429848       2.20293440E-02
   666.599976       4.88273054E-02  0.109815270       2.17101462E-02
   668.599976       4.81206030E-02  0.108225867       2.13959254E-02
   670.599976       4.74248827E-02  0.106661148       2.10865848E-02
   672.599976       4.67398688E-02  0.105120525       2.07820088E-02
   674.599976       4.60654721E-02  0.103603765       2.04821508E-02
   676.599976       4.54014465E-02  0.102110326       2.01869011E-02
   678.599976       4.47476879E-02  0.100639991       1.98962204E-02
   680.599976       4.41039614E-02   9.91922170E-02   1.96099989E-02
   682.599976       4.34701741E-02   9.77668017E-02   1.93281993E-02
   684.599976       4.28460985E-02   9.63632166E-02   1.90507136E-02
   686.599976       4.22315933E-02   9.49811563E-02   1.87774859E-02
