   88.5999985       6.66728497       14.9950886       2.96448350    
   90.5999985       6.35841084       14.3004131       2.82714820    
   92.5999985       6.06886768       13.6492147       2.69840837    
   94.5999985       5.79711008       13.0380163       2.57757616    
   96.5999985       5.54172993       12.4636526       2.46402645    
   98.5999985       5.30146074       11.9232750       2.35719538    
   100.599998       5.07516003       11.4143114       2.25657487    
   102.599998       4.86178780       10.9344263       2.16170287    
   104.599998       4.66039371       10.4814796       2.07215691    
   106.599998       4.47012234       10.0535488       1.98755598    
   108.599998       4.29018211       9.64885235       1.90754902    
   110.599998       4.11986446       9.26580048       1.83182049    
   112.599998       3.95850277       8.90288734       1.76007414    
   114.599998       3.80550766       8.55879593       1.69204772    
   116.599998       3.66031837       8.23225498       1.62749195    
   118.599998       3.52242970       7.92213726       1.56618237    
   120.599998       3.39137650       7.62739086       1.50791192    
   122.599998       3.26672554       7.34704399       1.45248818    
   124.599998       3.14807963       7.08020306       1.39973474    
   126.599998       3.03507257       6.82604361       1.34948814    
   128.600006       2.92736387       6.58380127       1.30159760    
   130.600006       2.82463884       6.35276699       1.25592279    
   132.600006       2.72660494       6.13228369       1.21233392    
   134.600006       2.63299417       5.92174768       1.17071152    
   136.600006       2.54354882       5.72058010       1.13094139    
   138.600006       2.45803952       5.52826500       1.09292126    
   140.600006       2.37249804       5.33587742       1.05488682    
   142.600006       2.28231716       5.13305569       1.01478958    
   144.600006       2.19631600       4.93963480      0.976550817    
   146.600006       2.11426687       4.75510120      0.940069139    
   148.600006       2.03594303       4.57894707      0.905243993    
   150.600006       1.96114302       4.41071796      0.871985555    
   152.600006       1.88967383       4.24997950      0.840208054    
   154.600006       1.82136130       4.09634113      0.809834123    
   156.600006       1.75603187       3.94941139      0.780786633    
   158.600006       1.69353116       3.80884409      0.752996922    
   160.600006       1.63371420       3.67431259      0.726400435    
   162.600006       1.57643795       3.54549479      0.700933576    
   164.600006       1.52157664       3.42210913      0.676540554    
   166.600006       1.46900868       3.30388045      0.653167129    
   168.600006       1.41861534       3.19054317      0.630760670    
   170.600006       1.37029266       3.08186293      0.609274924    
   172.600006       1.32393885       2.97761083      0.588664651    
   174.600006       1.27945709       2.87756872      0.568886638    
   176.600006       1.23675740       2.78153491      0.549901068    
   178.600006       1.19575560       2.68931985      0.531670332    
   180.600006       1.15637076       2.60074091      0.514158607    
   182.600006       1.11852598       2.51562619      0.497331619    
   184.600006       1.08215213       2.43381929      0.481158704    
   186.600006       1.04718065       2.35516644      0.465609252    
   188.600006       1.01354682       2.27952194      0.450654566    
   190.600006      0.981190383       2.20675063      0.436267912    
   192.600006      0.950054765       2.13672495      0.422424018    
   194.600006      0.920084953       2.06932116      0.409098506    
   196.600006      0.891228914       2.00442243      0.396268249    
   198.600006      0.863438666       1.94192076      0.383911818    
   200.600006      0.836667717       1.88171124      0.372008622    
   202.600006      0.810872436       1.82369637      0.360539258    
   204.600006      0.786009789       1.76777899      0.349484563    
   206.600006      0.762041986       1.71387386      0.338827670    
   208.600006      0.738929272       1.66189241      0.328551084    
   210.600006      0.716637075       1.61175597      0.318639278    
   212.600006      0.695131302       1.56338823      0.309077084    
   214.600006      0.674379230       1.51671576      0.299850106    
   216.600006      0.654349744       1.47166824      0.290944338    
   218.600006      0.635014355       1.42818201      0.282347232    
   220.600006      0.616344035       1.38619137      0.274045825    
   222.600006      0.598312616       1.34563780      0.266028494    
   224.600006      0.580894411       1.30646324      0.258283824    
   226.600006      0.564064741       1.26861250      0.250800848    
   228.600006      0.547801197       1.23203492      0.243569553    
   230.600006      0.532081723       1.19668078      0.236580163    
   232.600006      0.516884506       1.16250145      0.229823008    
   234.600006      0.502190053       1.12945294      0.223289415    
   236.600006      0.487978548       1.09749043      0.216970518    
   238.600006      0.474232018       1.06657374      0.210858405    
   240.600006      0.461591572       1.03814459      0.205238044    
   242.600006      0.450843930       1.01397252      0.200459301    
   244.600006      0.440397799      0.990478635      0.195814639    
   246.600006      0.430241913      0.967637539      0.191298991    
   248.600006      0.420367301      0.945428967      0.186908424    
   250.600006      0.410764396      0.923831582      0.182638705    
   252.600006      0.401424468      0.902825475      0.178485870    
   254.600006      0.392338723      0.882391214      0.174446076    
   256.600006      0.383499056      0.862510324      0.170515671    
   258.600006      0.374897242      0.843164384      0.166691035    
   260.600006      0.366525412      0.824335694      0.162968650    
   262.600006      0.358376294      0.806007862      0.159345314    
   264.600006      0.350443393      0.788166285      0.155818090    
   266.600006      0.342719197      0.770794213      0.152383670    
   268.600006      0.335197240      0.753876865      0.149039164    
   270.600006      0.327871352      0.737400591      0.145781860    
   272.600006      0.320735186      0.721350908      0.142608881    
   274.600006      0.313783258      0.705715656      0.139517844    
   276.600006      0.307009637      0.690481424      0.136506081    
   278.600006      0.300408989      0.675636232      0.133571237    
   280.600006      0.293975741      0.661167443      0.130710796    
   282.600006      0.287705481      0.647065341      0.127922848    
   284.600006      0.281592786      0.633317590      0.125204965    
   286.600006      0.275633007      0.619913638      0.122555047    
   288.600006      0.269821554      0.606843412      0.119971097    
   290.600006      0.264154375      0.594097614      0.117451303    
   292.600006      0.258627266      0.581666827      0.114993766    
   294.600006      0.253235787      0.569541156      0.112596557    
   296.600006      0.247976065      0.557711720      0.110257909    
   298.600006      0.242844462      0.546170473      0.107976243    
   300.600006      0.237837136      0.534908652      0.105749831    
   302.600006      0.232950419      0.523918211      0.103577033    
   304.600006      0.228181154      0.513191879      0.101456478    
   306.600006      0.223525971      0.502722085       9.93866250E-02
   308.600006      0.218981624      0.492501616       9.73660797E-02
   310.600006      0.214544743      0.482522845       9.53932926E-02
   312.600006      0.210212946      0.472780406       9.34672505E-02
   314.600006      0.205982909      0.463266820       9.15864408E-02
   316.600006      0.201851517      0.453975081       8.97494927E-02
   318.600006      0.197816655      0.444900453       8.79554674E-02
   320.600006      0.193875432      0.436036408       8.62030834E-02
   322.600006      0.190025255      0.427377164       8.44911709E-02
   324.600006      0.186263815      0.418917477       8.28187168E-02
   326.600006      0.182588443      0.410651386       8.11845288E-02
   328.600006      0.178996980      0.402573943       7.95876533E-02
   330.600006      0.175487354      0.394680619       7.80271664E-02
   332.600006      0.172057122      0.386965841       7.65019730E-02
   334.600006      0.168704495      0.379425615       7.50112981E-02
   336.600006      0.165426999      0.372054338       7.35540166E-02
   338.600006      0.162223160      0.364848733       7.21295029E-02
   340.600006      0.159090623      0.357803494       7.07366541E-02
   342.600006      0.156027839      0.350915134       6.93748593E-02
   344.600006      0.153032884      0.344179302       6.80432022E-02
   346.600006      0.150104016      0.337592125       6.67409375E-02
   348.600006      0.147239447      0.331149548       6.54672608E-02
   350.600006      0.144437641      0.324848115       6.42214864E-02
   352.600006      0.141697064      0.318684429       6.30029440E-02
   354.600006      0.139016122      0.312654883       6.18109182E-02
   356.600006      0.136393115      0.306755543       6.06446415E-02
   358.600006      0.133826911      0.300984025       5.95036224E-02
   360.600006      0.131315798      0.295336396       5.83871156E-02
   362.600006      0.128858566      0.289809942       5.72945401E-02
   364.600006      0.126453876      0.284401655       5.62253483E-02
   366.600006      0.124100424      0.279108644       5.51789254E-02
   368.600006      0.121797100      0.273928314       5.41548021E-02
   370.600006      0.119542263      0.268857062       5.31522259E-02
   372.600006      0.117335126      0.263893098       5.21708727E-02
   374.600006      0.115174264      0.259033233       5.12100793E-02
   376.600006      0.113058686      0.254275173       5.02694286E-02
   378.600006      0.110987455      0.249616832       4.93484959E-02
   380.600006      0.108959071      0.245054901       4.84466068E-02
   382.600006      0.106972918      0.240587935       4.75635044E-02
   384.600006      0.105027929      0.236213565       4.66987044E-02
   386.600006      0.103122965      0.231929168       4.58516926E-02
   388.600006      0.101257190      0.227732927       4.50221077E-02
   390.600006       9.94296670E-02  0.223622739       4.42095436E-02
   392.600006       9.76394042E-02  0.219596356       4.34135273E-02
   394.600006       9.58857164E-02  0.215652198       4.26337905E-02
   396.600006       9.41675305E-02  0.211787924       4.18698266E-02
   398.600006       9.24841091E-02  0.208001822       4.11213338E-02
   400.600006       9.08347666E-02  0.204292342       4.03879732E-02
   402.600006       8.92186686E-02  0.200657651       3.96694131E-02
   404.600006       8.76348615E-02  0.197095573       3.89651991E-02
   406.600006       8.60827714E-02  0.193604857       3.82750928E-02
   408.600006       8.45617056E-02  0.190183893       3.75987776E-02
   410.600006       8.30707997E-02  0.186830759       3.69358733E-02
   412.600006       8.16094875E-02  0.183544189       3.62861305E-02
   414.600006       8.01772326E-02  0.180322975       3.56493033E-02
   416.600006       7.87731409E-02  0.177165091       3.50250006E-02
   418.600006       7.73965940E-02  0.174069166       3.44129428E-02
   420.600006       7.60471374E-02  0.171034157       3.38129364E-02
   422.600006       7.47240558E-02  0.168058485       3.32246497E-02
   424.600006       7.34268427E-02  0.165140972       3.26478705E-02
   426.600006       7.21548200E-02  0.162280127       3.20822895E-02
   428.600006       7.09074959E-02  0.159474820       3.15276906E-02
   430.600006       6.96843192E-02  0.156723842       3.09838280E-02
   432.600006       6.84847385E-02  0.154025912       3.04504577E-02
   434.600006       6.73082247E-02  0.151379868       2.99273413E-02
   436.600006       6.61543310E-02  0.148784712       2.94142850E-02
   438.600006       6.50225803E-02  0.146239340       2.89110728E-02
   440.600006       6.39124364E-02  0.143742561       2.84174681E-02
   442.600006       6.28233850E-02  0.141293228       2.79332418E-02
   444.600006       6.17550574E-02  0.138890505       2.74582300E-02
   446.600006       6.07069656E-02  0.136533275       2.69922148E-02
   448.600006       5.96787483E-02  0.134220764       2.65350379E-02
   450.600006       5.86699620E-02  0.131951943       2.60864981E-02
   452.600006       5.76801151E-02  0.129725724       2.56463811E-02
   454.600006       5.67088388E-02  0.127541274       2.52145231E-02
   456.600006       5.57557531E-02  0.125397727       2.47907490E-02
   458.600006       5.48204370E-02  0.123294160       2.43748799E-02
   460.600006       5.39026372E-02  0.121229976       2.39667986E-02
   462.600006       5.30018397E-02  0.119204037       2.35662758E-02
   464.600006       5.21177948E-02  0.117215768       2.31732018E-02
   466.600006       5.12501001E-02  0.115264274       2.27873977E-02
   468.600006       5.03983758E-02  0.113348700       2.24086922E-02
   470.600006       4.95624095E-02  0.111468561       2.20369957E-02
   472.600006       4.87417765E-02  0.109622918       2.16721185E-02
   474.600006       4.79362346E-02  0.107811213       2.13139504E-02
   476.600006       4.71453816E-02  0.106032535       2.09623110E-02
   478.600006       4.63689566E-02  0.104286306       2.06170864E-02
   480.600006       4.56066728E-02  0.102571905       2.02781539E-02
   482.600006       4.48582470E-02  0.100888647       1.99453793E-02
   484.600006       4.41234186E-02   9.92359817E-02   1.96186528E-02
   486.600006       4.34018150E-02   9.76130515E-02   1.92978028E-02
   488.600006       4.26933244E-02   9.60196257E-02   1.89827885E-02
   490.600006       4.19975519E-02   9.44547802E-02   1.86734237E-02
   492.600006       4.13143039E-02   9.29181278E-02   1.83696300E-02
   494.600006       4.06432748E-02   9.14089456E-02   1.80712715E-02
   496.600006       3.99842970E-02   8.99268687E-02   1.77782699E-02
   498.600006       3.93370762E-02   8.84712338E-02   1.74904950E-02
   500.600006       3.87013592E-02   8.70414674E-02   1.72078349E-02
   502.600006       3.80769894E-02   8.56372267E-02   1.69302188E-02
   504.600006       3.74636874E-02   8.42578709E-02   1.66575257E-02
   506.600006       3.68612371E-02   8.29029381E-02   1.63896587E-02
   508.600006       3.62694263E-02   8.15719217E-02   1.61265209E-02
   510.600006       3.56881060E-02   8.02644938E-02   1.58680473E-02
   512.599976       3.51169929E-02   7.89800361E-02   1.56141128E-02
   514.599976       3.45559195E-02   7.77181461E-02   1.53646413E-02
   516.599976       3.40046734E-02   7.64783621E-02   1.51195405E-02
   518.599976       3.34630534E-02   7.52602369E-02   1.48787200E-02
   520.599976       3.29308994E-02   7.40633905E-02   1.46421082E-02
   522.599976       3.24080288E-02   7.28874356E-02   1.44096240E-02
   524.599976       3.18942666E-02   7.17319399E-02   1.41811874E-02
   526.599976       3.13894078E-02   7.05964938E-02   1.39567126E-02
   528.599976       3.08933165E-02   6.94807544E-02   1.37361344E-02
   530.599976       3.04058045E-02   6.83843195E-02   1.35193719E-02
   532.599976       2.99267061E-02   6.73067942E-02   1.33063495E-02
   534.599976       2.94558406E-02   6.62477911E-02   1.30969863E-02
   536.599976       2.89930739E-02   6.52070120E-02   1.28912283E-02
   538.599976       2.85383090E-02   6.41842186E-02   1.26890242E-02
   540.599976       2.80912854E-02   6.31788373E-02   1.24902651E-02
   542.599976       2.76519395E-02   6.21907227E-02   1.22949174E-02
   544.599976       2.72200555E-02   6.12193942E-02   1.21028889E-02
   546.599976       2.67955437E-02   6.02646396E-02   1.19141359E-02
   548.599976       2.63782460E-02   5.93261160E-02   1.17285931E-02
   550.599976       2.59680524E-02   5.84035665E-02   1.15462085E-02
   552.599976       2.55647749E-02   5.74965775E-02   1.13668991E-02
   554.599976       2.51683667E-02   5.66050261E-02   1.11906426E-02
   556.599976       2.47786231E-02   5.57284728E-02   1.10173505E-02
   558.599976       2.43954733E-02   5.48667535E-02   1.08469911E-02
   560.599976       2.40187552E-02   5.40194921E-02   1.06794890E-02
   562.599976       2.36483682E-02   5.31864725E-02   1.05148042E-02
   564.599976       2.32841838E-02   5.23673967E-02   1.03528760E-02
   566.599976       2.29261313E-02   5.15621230E-02   1.01936748E-02
   568.599976       2.25740355E-02   5.07702380E-02   1.00371214E-02
   570.599976       2.22278312E-02   4.99916002E-02   9.88318864E-03
   572.599976       2.18873732E-02   4.92258966E-02   9.73180961E-03
   574.599976       2.15525739E-02   4.84729148E-02   9.58294794E-03
   576.599976       2.12233663E-02   4.77325097E-02   9.43657197E-03
   578.599976       2.08995715E-02   4.70042750E-02   9.29260254E-03
   580.599976       2.05811709E-02   4.62881774E-02   9.15103219E-03
   582.599976       2.02680044E-02   4.55838479E-02   9.01178829E-03
   584.599976       1.99600141E-02   4.48911600E-02   8.87484662E-03
   586.599976       1.96570978E-02   4.42098826E-02   8.74015968E-03
   588.599976       1.93591565E-02   4.35397997E-02   8.60768557E-03
   590.599976       1.90661103E-02   4.28807214E-02   8.47738888E-03
   592.599976       1.87778473E-02   4.22324054E-02   8.34921841E-03
   594.599976       1.84943136E-02   4.15947214E-02   8.22314993E-03
   596.599976       1.82154365E-02   4.09675129E-02   8.09915271E-03
   598.599976       1.79410633E-02   4.03504334E-02   7.97715783E-03
   600.599976       1.76711883E-02   3.97434682E-02   7.85716251E-03
   602.599976       1.74057018E-02   3.91463712E-02   7.73911923E-03
   604.599976       1.71445012E-02   3.85589190E-02   7.62298144E-03
   606.599976       1.68875568E-02   3.79810371E-02   7.50873610E-03
   608.599976       1.66347511E-02   3.74124609E-02   7.39633013E-03
   610.599976       1.63860358E-02   3.68530899E-02   7.28574302E-03
   612.599976       1.61413457E-02   3.63027677E-02   7.17694685E-03
   614.599976       1.59005858E-02   3.57612818E-02   7.06989877E-03
   616.599976       1.56637114E-02   3.52285393E-02   6.96457550E-03
   618.599976       1.54306348E-02   3.47043388E-02   6.86094072E-03
   620.599976       1.52012948E-02   3.41885425E-02   6.75897114E-03
   622.599976       1.49756409E-02   3.36810350E-02   6.65863976E-03
   624.599976       1.47535829E-02   3.31816152E-02   6.55990466E-03
   626.599976       1.45350695E-02   3.26901674E-02   6.46274537E-03
   628.599976       1.43200476E-02   3.22065689E-02   6.36714092E-03
   630.599976       1.41084511E-02   3.17306742E-02   6.27305964E-03
   632.599976       1.39002129E-02   3.12623382E-02   6.18046895E-03
   634.599976       1.36952717E-02   3.08014136E-02   6.08934462E-03
   636.599976       1.34935901E-02   3.03478241E-02   5.99967269E-03
   638.599976       1.32950945E-02   2.99013928E-02   5.91141451E-03
   640.599976       1.30997505E-02   2.94620544E-02   5.82455797E-03
   642.599976       1.29074771E-02   2.90296227E-02   5.73906815E-03
   644.599976       1.27182342E-02   2.86040027E-02   5.65492548E-03
   646.599976       1.25319883E-02   2.81851236E-02   5.57211321E-03
   648.599976       1.23486686E-02   2.77728327E-02   5.49060339E-03
   650.599976       1.21682212E-02   2.73669958E-02   5.41037228E-03
   652.599976       1.19905937E-02   2.69674994E-02   5.33139380E-03
   654.599976       1.18157677E-02   2.65743062E-02   5.25366003E-03
   656.599976       1.16436556E-02   2.61872150E-02   5.17713232E-03
   658.599976       1.14742406E-02   2.58061960E-02   5.10180648E-03
   660.599976       1.13074630E-02   2.54311003E-02   5.02765272E-03
   662.599976       1.11432951E-02   2.50618793E-02   4.95465752E-03
   664.599976       1.09816659E-02   2.46983655E-02   4.88279108E-03
   666.599976       1.08225476E-02   2.43405011E-02   4.81204316E-03
   668.599976       1.06659085E-02   2.39882097E-02   4.74239653E-03
   670.599976       1.05116991E-02   2.36413851E-02   4.67382930E-03
   672.599976       1.03598693E-02   2.32999120E-02   4.60632145E-03
   674.599976       1.02103874E-02   2.29637194E-02   4.53985855E-03
   676.599976       1.00632077E-02   2.26327032E-02   4.47441684E-03
   678.599976       9.91830043E-03   2.23067999E-02   4.40998562E-03
   680.599976       9.77562089E-03   2.19859052E-02   4.34654672E-03
   682.599976       9.63514112E-03   2.16699578E-02   4.28408571E-03
   684.599976       9.49681643E-03   2.13588588E-02   4.22258116E-03
   686.599976       9.36060958E-03   2.10525207E-02   4.16201912E-03
