   88.5999985       1.13897991       2.35242653      0.551462591    
   90.5999985       1.08761609       2.24634051      0.526593685    
   92.5999985       1.03942871       2.14681530      0.503262699    
   94.5999985      0.994165182       2.05332899      0.481347293    
   96.5999985      0.951595545       1.96540642      0.460736245    
   98.5999985      0.911512375       1.88261962      0.441329092    
   100.599998      0.873728991       1.80458260      0.423035443    
   102.599998      0.838075161       1.73094392      0.405772835    
   104.599998      0.804395437       1.66138232      0.389466047    
   106.599998      0.772549570       1.59560847      0.374047160    
   108.599998      0.742408156       1.53335500      0.359453499    
   110.599998      0.713854909       1.47438169      0.345628828    
   112.599998      0.686780512       1.41846287      0.332520127    
   114.599998      0.661088526       1.36539912      0.320080787    
   116.599998      0.636686862       1.31500030      0.308266163    
   118.599998      0.613492608       1.26709533      0.297036141    
   120.599998      0.591429591       1.22152686      0.286353856    
   122.599998      0.570426464       1.17814744      0.276184738    
   124.599998      0.550418139       1.13682270      0.266497254    
   126.599998      0.531344354       1.09742808      0.257262260    
   128.600006      0.513149261       1.05984831      0.248452693    
   130.600006      0.495781004       1.02397633      0.240043476    
   132.600006      0.479191601      0.989712834      0.232011333    
   134.600006      0.463336885      0.956966877      0.224334925    
   136.600006      0.448174477      0.925650597      0.216993690    
   138.600006      0.433666527      0.895686269      0.209969342    
   140.600006      0.420336872      0.868155420      0.203515500    
   142.600006      0.408840775      0.844411552      0.197949409    
   144.600006      0.397810996      0.821630955      0.192609102    
   146.600006      0.387224495      0.799765766      0.187483400    
   148.600006      0.377057135      0.778766334      0.182560652    
   150.600006      0.367287993      0.758589327      0.177830711    
   152.600006      0.357897043      0.739193439      0.173283860    
   154.600006      0.348866075      0.720541060      0.168911308    
   156.600006      0.340176582      0.702594042      0.164704114    
   158.600006      0.331812382      0.685318708      0.160654396    
   160.600006      0.323758364      0.668684065      0.156754851    
   162.600006      0.315998793      0.652657628      0.152997881    
   164.600006      0.308520734      0.637212634      0.149377212    
   166.600006      0.301311284      0.622322321      0.145886600    
   168.600006      0.294357151      0.607959390      0.142519593    
   170.600006      0.287647694      0.594101787      0.139271066    
   172.600006      0.281171829      0.580726743      0.136135638    
   174.600006      0.274919033      0.567812324      0.133108199    
   176.600006      0.268879503      0.555338442      0.130184039    
   178.600006      0.263044208      0.543286324      0.127358735    
   180.600006      0.257404208      0.531637549      0.124627993    
   182.600006      0.251951009      0.520374596      0.121987715    
   184.600006      0.246677250      0.509482324      0.119434312    
   186.600006      0.241575241      0.498944700      0.116964057    
   188.600006      0.236637890      0.488747180      0.114573538    
   190.600006      0.231858388      0.478875697      0.112259433    
   192.600006      0.227230683      0.469317734      0.110018805    
   194.600006      0.222748458      0.460060239      0.107848644    
   196.600006      0.218405873      0.451091141      0.105746090    
   198.600006      0.214197621      0.442399502      0.103708565    
   200.600006      0.210118413      0.433974415      0.101733536    
   202.600006      0.206163436      0.425805867       9.98186469E-02
   204.600006      0.202327609      0.417883426       9.79614407E-02
   206.600006      0.198606879      0.410198718       9.61599723E-02
   208.600006      0.194996387      0.402741671       9.44118649E-02
   210.600006      0.191492409      0.395504653       9.27153304E-02
   212.600006      0.188091040      0.388479501       9.10684839E-02
   214.600006      0.184788376      0.381658196       8.94694179E-02
   216.600006      0.181580782      0.375033379       8.79164040E-02
   218.600006      0.178465247      0.368598580       8.64079446E-02
   220.600006      0.175438106      0.362346351       8.49422812E-02
   222.600006      0.172496334      0.356270492       8.35179612E-02
   224.600006      0.169637024      0.350364923       8.21335614E-02
   226.600006      0.166857064      0.344623268       8.07875842E-02
   228.600006      0.164154038      0.339040518       7.94788525E-02
   230.600006      0.161525249      0.333611071       7.82060698E-02
   232.600006      0.158968091      0.328329563       7.69679546E-02
   234.600006      0.156480297      0.323191285       7.57634491E-02
   236.600006      0.154059321      0.318191051       7.45912790E-02
   238.600006      0.151703149      0.313324630       7.34504759E-02
   240.600006      0.149088293      0.307923973       7.21844211E-02
   242.600006      0.145804837      0.301142424       7.05946833E-02
   244.600006      0.142610282      0.294544429       6.90479577E-02
   246.600006      0.139501363      0.288123310       6.75426945E-02
   248.600006      0.136475489      0.281873763       6.60776645E-02
   250.600006      0.133529887      0.275789976       6.46514893E-02
   252.600006      0.130662054      0.269866824       6.32629693E-02
   254.600006      0.127869487      0.264099091       6.19108677E-02
   256.600006      0.125149772      0.258481860       6.05940670E-02
   258.600006      0.122500524      0.253010154       5.93113750E-02
   260.600006      0.119919494      0.247679353       5.80617040E-02
   262.600006      0.117404558      0.242485031       5.68440333E-02
   264.600006      0.114953861      0.237423420       5.56574911E-02
   266.600006      0.112565182      0.232489884       5.45009524E-02
   268.600006      0.110236689      0.227680683       5.33735566E-02
   270.600006      0.107966557      0.222992003       5.22744283E-02
   272.600006      0.105752900      0.218419939       5.12026325E-02
   274.600006      0.103594184      0.213961363       5.01574427E-02
   276.600006      0.101488709      0.209612772       4.91380244E-02
   278.600006       9.94348451E-02  0.205370754       4.81436066E-02
   280.600006       9.74309891E-02  0.201232016       4.71733920E-02
   282.600006       9.54759270E-02  0.197194099       4.62267995E-02
   284.600006       9.35679972E-02  0.193253472       4.53030393E-02
   286.600006       9.17058215E-02  0.189407378       4.44014221E-02
   288.600006       8.98881108E-02  0.185653120       4.35213409E-02
   290.600006       8.81137252E-02  0.181988329       4.26622257E-02
   292.600006       8.63813534E-02  0.178410336       4.18234654E-02
   294.600006       8.46897289E-02  0.174916476       4.10044268E-02
   296.600006       8.30377042E-02  0.171504423       4.02045622E-02
   298.600006       8.14242810E-02  0.168172091       3.94233838E-02
   300.600006       7.98482448E-02  0.164916962       3.86603102E-02
   302.600006       7.83085376E-02  0.161736906       3.79148312E-02
   304.600006       7.68042952E-02  0.158630073       3.71865109E-02
   306.600006       7.53344670E-02  0.155594304       3.64748649E-02
   308.600006       7.38981068E-02  0.152627677       3.57794240E-02
   310.600006       7.24942312E-02  0.149728149       3.50997038E-02
   312.600006       7.11222067E-02  0.146894395       3.44354026E-02
   314.600006       6.97809607E-02  0.144124210       3.37860137E-02
   316.600006       6.84695840E-02  0.141415715       3.31510790E-02
   318.600006       6.71875179E-02  0.138767764       3.25303376E-02
   320.600006       6.59338683E-02  0.136178493       3.19233537E-02
   322.600006       6.47078604E-02  0.133646324       3.13297547E-02
   324.600006       6.35088235E-02  0.131169856       3.07492204E-02
   326.600006       6.23360090E-02  0.128747553       3.01813670E-02
   328.600006       6.11887276E-02  0.126377985       2.96258926E-02
   330.600006       6.00663833E-02  0.124059916       2.90824845E-02
   332.600006       5.89682534E-02  0.121791855       2.85507981E-02
   334.600006       5.78938387E-02  0.119572788       2.80305929E-02
   336.600006       5.68423606E-02  0.117401078       2.75215004E-02
   338.600006       5.58134019E-02  0.115275890       2.70233080E-02
   340.600006       5.48062772E-02  0.113195799       2.65356824E-02
   342.600006       5.38205057E-02  0.111159801       2.60584019E-02
   344.600006       5.28555326E-02  0.109166771       2.55911890E-02
   346.600006       5.19108251E-02  0.107215583       2.51337867E-02
   348.600006       5.09858802E-02  0.105305225       2.46859491E-02
   350.600006       5.00802025E-02  0.103434660       2.42474508E-02
   352.600006       4.91933599E-02  0.101603001       2.38180663E-02
   354.600006       4.83248979E-02   9.98092890E-02   2.33975779E-02
   356.600006       4.74742576E-02   9.80523899E-02   2.29857229E-02
   358.600006       4.66411412E-02   9.63316932E-02   2.25823522E-02
   360.600006       4.58250120E-02   9.46460813E-02   2.21872032E-02
   362.600006       4.50255536E-02   9.29948986E-02   2.18001269E-02
   364.600006       4.42423150E-02   9.13771987E-02   2.14209054E-02
   366.600006       4.34749350E-02   8.97922665E-02   2.10493635E-02
   368.600006       4.27230746E-02   8.82393867E-02   2.06853319E-02
   370.600006       4.19862568E-02   8.67175981E-02   2.03285832E-02
   372.600006       4.12642248E-02   8.52263123E-02   1.99789982E-02
   374.600006       4.05565612E-02   8.37647170E-02   1.96363665E-02
   376.600006       3.98629755E-02   8.23322088E-02   1.93005484E-02
   378.600006       3.91831771E-02   8.09281543E-02   1.89714115E-02
   380.600006       3.85167003E-02   7.95516223E-02   1.86487213E-02
   382.600006       3.78633887E-02   7.82022849E-02   1.83324069E-02
   384.600006       3.72229293E-02   7.68795088E-02   1.80223100E-02
   386.600006       3.65949422E-02   7.55824670E-02   1.77182592E-02
   388.600006       3.59792039E-02   7.43107349E-02   1.74201354E-02
   390.600006       3.53754312E-02   7.30637237E-02   1.71278045E-02
   392.600006       3.47833112E-02   7.18407631E-02   1.68411173E-02
   394.600006       3.42026353E-02   7.06414431E-02   1.65599715E-02
   396.600006       3.36330943E-02   6.94651306E-02   1.62842143E-02
   398.600006       3.30744646E-02   6.83113560E-02   1.60137396E-02
   400.600006       3.25265378E-02   6.71796650E-02   1.57484505E-02
   402.600006       3.19890529E-02   6.60695508E-02   1.54882148E-02
   404.600006       3.14617231E-02   6.49804175E-02   1.52328974E-02
   406.600006       3.09443921E-02   6.39119446E-02   1.49824191E-02
   408.600006       3.04368306E-02   6.28636256E-02   1.47366729E-02
   410.600006       2.99387723E-02   6.18349500E-02   1.44955274E-02
   412.600006       2.94500738E-02   6.08256087E-02   1.42589100E-02
   414.600006       2.89705545E-02   5.98352030E-02   1.40267415E-02
   416.600006       2.84999311E-02   5.88631928E-02   1.37988795E-02
   418.600006       2.80380324E-02   5.79091907E-02   1.35752410E-02
   420.600006       2.75847204E-02   5.69729395E-02   1.33557571E-02
   422.600006       2.71397717E-02   5.60539439E-02   1.31403282E-02
   424.600006       2.67030224E-02   5.51518947E-02   1.29288668E-02
   426.600006       2.62742862E-02   5.42663857E-02   1.27212834E-02
   428.600006       2.58534104E-02   5.33971190E-02   1.25175072E-02
   430.600006       2.54402123E-02   5.25437072E-02   1.23174470E-02
   432.600006       2.50345245E-02   5.17058074E-02   1.21210255E-02
   434.600006       2.46362090E-02   5.08831441E-02   1.19281709E-02
   436.600006       2.42451057E-02   5.00753559E-02   1.17388088E-02
   438.600006       2.38610692E-02   4.92821783E-02   1.15528703E-02
   440.600006       2.34839413E-02   4.85032648E-02   1.13702752E-02
   442.600006       2.31135711E-02   4.77383137E-02   1.11909509E-02
   444.600006       2.27498338E-02   4.69870567E-02   1.10148415E-02
   446.600006       2.23925803E-02   4.62491885E-02   1.08418688E-02
   448.600006       2.20417231E-02   4.55245376E-02   1.06719937E-02
   450.600006       2.16970909E-02   4.48127389E-02   1.05051324E-02
   452.600006       2.13585496E-02   4.41135243E-02   1.03412196E-02
   454.600006       2.10259855E-02   4.34266478E-02   1.01802014E-02
   456.600006       2.06992775E-02   4.27518785E-02   1.00220181E-02
   458.600006       2.03783102E-02   4.20889556E-02   9.86661389E-03
   460.600006       2.00629886E-02   4.14376967E-02   9.71394498E-03
   462.600006       1.97531544E-02   4.07977700E-02   9.56393220E-03
   464.600006       1.94487572E-02   4.01690751E-02   9.41655040E-03
   466.600006       1.91496275E-02   3.95512581E-02   9.27172042E-03
   468.600006       1.88556798E-02   3.89441438E-02   9.12939943E-03
   470.600006       1.85668319E-02   3.83475684E-02   8.98954831E-03
   472.600006       1.82829835E-02   3.77613157E-02   8.85211676E-03
   474.600006       1.80040188E-02   3.71851437E-02   8.71704891E-03
   476.600006       1.77298356E-02   3.66188511E-02   8.58429633E-03
   478.600006       1.74603537E-02   3.60622704E-02   8.45382176E-03
   480.600006       1.71954706E-02   3.55151817E-02   8.32557213E-03
   482.600006       1.69351064E-02   3.49774323E-02   8.19951110E-03
   484.600006       1.66791789E-02   3.44488472E-02   8.07559863E-03
   486.600006       1.64275803E-02   3.39291990E-02   7.95378070E-03
   488.600006       1.61802638E-02   3.34183946E-02   7.83403777E-03
   490.600006       1.59371104E-02   3.29161882E-02   7.71630788E-03
   492.600006       1.56980641E-02   3.24224718E-02   7.60056917E-03
   494.600006       1.54630225E-02   3.19370180E-02   7.48676807E-03
   496.600006       1.52319334E-02   3.14597338E-02   7.37488177E-03
   498.600006       1.50047103E-02   3.09904292E-02   7.26486649E-03
   500.600006       1.47812739E-02   3.05289514E-02   7.15668453E-03
   502.600006       1.45615730E-02   3.00751850E-02   7.05031119E-03
   504.600006       1.43455155E-02   2.96289418E-02   6.94570225E-03
   506.600006       1.41330436E-02   2.91901082E-02   6.84282929E-03
   508.600006       1.39240781E-02   2.87585147E-02   6.74165413E-03
   510.600006       1.37185790E-02   2.83340812E-02   6.64215721E-03
   512.599976       1.35164540E-02   2.79166140E-02   6.54429384E-03
   514.599976       1.33176651E-02   2.75060385E-02   6.44804537E-03
   516.599976       1.31221237E-02   2.71021742E-02   6.35336991E-03
   518.599976       1.29297804E-02   2.67049111E-02   6.26024231E-03
   520.599976       1.27405850E-02   2.63141505E-02   6.16863929E-03
   522.599976       1.25544686E-02   2.59297490E-02   6.07852684E-03
   524.599976       1.23713827E-02   2.55516078E-02   5.98988170E-03
   526.599976       1.21912612E-02   2.51795892E-02   5.90267219E-03
   528.599976       1.20140724E-02   2.48136278E-02   5.81688248E-03
   530.599976       1.18397390E-02   2.44535618E-02   5.73247438E-03
   532.599976       1.16682164E-02   2.40993015E-02   5.64942788E-03
   534.599976       1.14994505E-02   2.37507373E-02   5.56771643E-03
   536.599976       1.13333929E-02   2.34077647E-02   5.48731582E-03
   538.599976       1.11700157E-02   2.30703279E-02   5.40821347E-03
   540.599976       1.10092349E-02   2.27382556E-02   5.33036748E-03
   542.599976       1.08510368E-02   2.24115178E-02   5.25377225E-03
   544.599976       1.06953410E-02   2.20899452E-02   5.17838867E-03
   546.599976       1.05421226E-02   2.17734892E-02   5.10420417E-03
   548.599976       1.03913434E-02   2.14620754E-02   5.03120152E-03
   550.599976       1.02429520E-02   2.11555883E-02   4.95935418E-03
   552.599976       1.00968899E-02   2.08539162E-02   4.88863513E-03
   554.599976       9.95315146E-03   2.05570422E-02   4.81904112E-03
   556.599976       9.81166959E-03   2.02648267E-02   4.75053908E-03
   558.599976       9.67241544E-03   1.99772157E-02   4.68311645E-03
   560.599976       9.53533780E-03   1.96940973E-02   4.61674714E-03
   562.599976       9.40041430E-03   1.94154270E-02   4.55142045E-03
   564.599976       9.26758535E-03   1.91410892E-02   4.48710844E-03
   566.599976       9.13684629E-03   1.88710652E-02   4.42380831E-03
   568.599976       9.00813006E-03   1.86052155E-02   4.36148699E-03
   570.599976       8.88142176E-03   1.83435157E-02   4.30013845E-03
   572.599976       8.75667669E-03   1.80858672E-02   4.23973985E-03
   574.599976       8.63385573E-03   1.78321972E-02   4.18027397E-03
   576.599976       8.51294678E-03   1.75824724E-02   4.12173290E-03
   578.599976       8.39388557E-03   1.73365679E-02   4.06408682E-03
   580.599976       8.27667117E-03   1.70944743E-02   4.00733482E-03
   582.599976       8.16124678E-03   1.68560781E-02   3.95144988E-03
   584.599976       8.04759935E-03   1.66213550E-02   3.89642455E-03
   586.599976       7.93569721E-03   1.63902342E-02   3.84224486E-03
   588.599976       7.82550033E-03   1.61626358E-02   3.78889055E-03
   590.599976       7.71698821E-03   1.59385167E-02   3.73635162E-03
   592.599976       7.61011988E-03   1.57177933E-02   3.68460943E-03
   594.599976       7.50488043E-03   1.55004337E-02   3.63365514E-03
   596.599976       7.40125077E-03   1.52863991E-02   3.58348060E-03
   598.599976       7.29917223E-03   1.50755681E-02   3.53405694E-03
   600.599976       7.19865132E-03   1.48679540E-02   3.48538766E-03
   602.599976       7.09965359E-03   1.46634858E-02   3.43745574E-03
   604.599976       7.00213620E-03   1.44620752E-02   3.39024048E-03
   606.599976       6.90609310E-03   1.42637100E-02   3.34373908E-03
   608.599976       6.81148656E-03   1.40683111E-02   3.29793338E-03
   610.599976       6.71830215E-03   1.38758495E-02   3.25281569E-03
   612.599976       6.62651565E-03   1.36862760E-02   3.20837554E-03
   614.599976       6.53609820E-03   1.34995300E-02   3.16459779E-03
   616.599976       6.44704048E-03   1.33155901E-02   3.12147825E-03
   618.599976       6.35930197E-03   1.31343771E-02   3.07899783E-03
   620.599976       6.27286965E-03   1.29558621E-02   3.03714955E-03
   622.599976       6.18772581E-03   1.27800088E-02   2.99592549E-03
   624.599976       6.10383879E-03   1.26067484E-02   2.95530958E-03
   626.599976       6.02119416E-03   1.24360565E-02   2.91529531E-03
   628.599976       5.93977282E-03   1.22678904E-02   2.87587335E-03
   630.599976       5.85956080E-03   1.21022221E-02   2.83703697E-03
   632.599976       5.78052178E-03   1.19389761E-02   2.79876869E-03
   634.599976       5.70264459E-03   1.17781311E-02   2.76106270E-03
   636.599976       5.62591432E-03   1.16196536E-02   2.72391178E-03
   638.599976       5.55030722E-03   1.14634968E-02   2.68730521E-03
   640.599976       5.47581259E-03   1.13096368E-02   2.65123695E-03
   642.599976       5.40240109E-03   1.11580137E-02   2.61569303E-03
   644.599976       5.33006620E-03   1.10086147E-02   2.58067041E-03
   646.599976       5.25878742E-03   1.08613968E-02   2.54615908E-03
   648.599976       5.18854894E-03   1.07163275E-02   2.51215161E-03
   650.599976       5.11932559E-03   1.05733555E-02   2.47863587E-03
   652.599976       5.05110342E-03   1.04324510E-02   2.44560465E-03
   654.599976       4.98387869E-03   1.02936048E-02   2.41305586E-03
   656.599976       4.91761789E-03   1.01567525E-02   2.38097459E-03
   658.599976       4.85232286E-03   1.00218914E-02   2.34936038E-03
   660.599976       4.78796382E-03   9.88896750E-03   2.31819926E-03
   662.599976       4.72453749E-03   9.75796767E-03   2.28749029E-03
   664.599976       4.66201687E-03   9.62883793E-03   2.25721952E-03
   666.599976       4.60039452E-03   9.50156432E-03   2.22738343E-03
   668.599976       4.53966111E-03   9.37612727E-03   2.19797809E-03
   670.599976       4.47979849E-03   9.25248768E-03   2.16899440E-03
   672.599976       4.42078803E-03   9.13060922E-03   2.14042305E-03
   674.599976       4.36262600E-03   9.01048258E-03   2.11226265E-03
   676.599976       4.30528773E-03   8.89205746E-03   2.08450109E-03
   678.599976       4.24876763E-03   8.77532177E-03   2.05713557E-03
   680.599976       4.19304939E-03   8.66024196E-03   2.03015842E-03
   682.599976       4.13812511E-03   8.54680315E-03   2.00356566E-03
   684.599976       4.08397894E-03   8.43496993E-03   1.97734963E-03
   686.599976       4.03059833E-03   8.32471997E-03   1.95150427E-03
