   88.5999985      0.509205699       1.05170333      0.246543318    
   90.5999985      0.486242384       1.00427532      0.235425130    
   92.5999985      0.464699209      0.959780455      0.224994510    
   94.5999985      0.444463134      0.917985320      0.215196759    
   96.5999985      0.425431430      0.878677666      0.205982149    
   98.5999985      0.407511413      0.841665983      0.197305769    
   100.599998      0.390619546      0.806777835      0.189127177    
   102.599998      0.374679714      0.773856044      0.181409568    
   104.599998      0.359622478      0.742757082      0.174119264    
   106.599998      0.345385075      0.713351488      0.167225897    
   108.599998      0.331909686      0.685519695      0.160701498    
   110.599998      0.319144368      0.659154415      0.154520884    
   112.599998      0.307040155      0.634154618      0.148660347    
   114.599998      0.295553982      0.610431314      0.143099070    
   116.599998      0.284644693      0.587899506      0.137817085    
   118.599998      0.274275184      0.566482544      0.132796466    
   120.599998      0.264411449      0.546110153      0.128020719    
   122.599998      0.255021542      0.526716411      0.123474374    
   124.599998      0.246076390      0.508241296      0.119143389    
   126.599998      0.237549037      0.490629077      0.115014687    
   128.600006      0.229414523      0.473828197      0.111076176    
   130.600006      0.221649677      0.457790852      0.107316643    
   132.600006      0.214233026      0.442472637      0.103725709    
   134.600006      0.207144827      0.427832842      0.100293808    
   136.600006      0.200366139      0.413832247       9.70117450E-02
   138.600006      0.193880051      0.400435984       9.38713551E-02
   140.600006      0.187700450      0.387672782       9.08793807E-02
   142.600006      0.181848824      0.375586987       8.80461782E-02
   144.600006      0.176238388      0.363999248       8.53297561E-02
   146.600006      0.170856938      0.352884531       8.27242061E-02
   148.600006      0.165692076      0.342217118       8.02235231E-02
   150.600006      0.160732821      0.331974387       7.78223872E-02
   152.600006      0.155968726      0.322134703       7.55157471E-02
   154.600006      0.151390269      0.312678456       7.32989833E-02
   156.600006      0.146987900      0.303585887       7.11674839E-02
   158.600006      0.142753139      0.294839501       6.91171214E-02
   160.600006      0.138678074      0.286422938       6.71440810E-02
   162.600006      0.134754658      0.278319597       6.52444810E-02
   164.600006      0.130976051      0.270515323       6.34149835E-02
   166.600006      0.127335474      0.262996167       6.16523176E-02
   168.600006      0.123826221      0.255748212       5.99532314E-02
   170.600006      0.120442636      0.248759836       5.83149940E-02
   172.600006      0.117178947      0.242019072       5.67348078E-02
   174.600006      0.114029706      0.235514700       5.52100316E-02
   176.600006      0.110989846      0.229236230       5.37382215E-02
   178.600006      0.108054668      0.223173946       5.23170754E-02
   180.600006      0.105219513      0.217318296       5.09443805E-02
   182.600006      0.102480039      0.211660236       4.96180058E-02
   184.600006       9.98323634E-02  0.206191793       4.83360663E-02
   186.600006       9.72725078E-02  0.200904712       4.70966622E-02
   188.600006       9.47968066E-02  0.195791423       4.58979905E-02
   190.600006       9.24017578E-02  0.190844744       4.47383747E-02
   192.600006       9.00841802E-02  0.186058074       4.36162651E-02
   194.600006       8.78408104E-02  0.181424677       4.25300933E-02
   196.600006       8.56686682E-02  0.176938370       4.14783955E-02
   198.600006       8.35649818E-02  0.172593445       4.04598564E-02
   200.600006       8.15270245E-02  0.168384284       3.94731313E-02
   202.600006       7.95522556E-02  0.164305657       3.85170020E-02
   204.600006       7.76381195E-02  0.160352230       3.75902280E-02
   206.600006       7.57824779E-02  0.156519622       3.66917811E-02
   208.600006       7.39828646E-02  0.152802736       3.58204581E-02
   210.600006       7.22372979E-02  0.149197474       3.49753052E-02
   212.600006       7.05437958E-02  0.145699754       3.41553539E-02
   214.600006       6.89003468E-02  0.142305419       3.33596393E-02
   216.600006       6.73050955E-02  0.139010623       3.25872637E-02
   218.600006       6.57564029E-02  0.135811970       3.18374336E-02
   220.600006       6.42524660E-02  0.132705778       3.11092660E-02
   222.600006       6.27917051E-02  0.129688755       3.04020047E-02
   224.600006       6.13726005E-02  0.126757741       2.97149159E-02
   226.600006       5.99935949E-02  0.123909593       2.90472414E-02
   228.600006       5.86533993E-02  0.121141568       2.83983536E-02
   230.600006       5.73506132E-02  0.118450820       2.77675837E-02
   232.600006       5.60839362E-02  0.115834653       2.71542892E-02
   234.600006       5.48521802E-02  0.113290608       2.65579112E-02
   236.600006       5.36540598E-02  0.110816047       2.59778146E-02
   238.600006       5.24885170E-02  0.108408749       2.54134927E-02
   240.600006       5.13460115E-02  0.106049046       2.48603188E-02
   242.600006       5.02151996E-02  0.103713483       2.43128147E-02
   244.600006       4.91149873E-02  0.101441130       2.37801224E-02
   246.600006       4.80442718E-02   9.92296934E-02   2.32617073E-02
   248.600006       4.70021702E-02   9.70773548E-02   2.27571540E-02
   250.600006       4.59877029E-02   9.49820951E-02   2.22659782E-02
   252.600006       4.50000241E-02   9.29421633E-02   2.17877701E-02
   254.600006       4.40382548E-02   9.09557492E-02   2.13221051E-02
   256.600006       4.31015939E-02   8.90211761E-02   2.08686013E-02
   258.600006       4.21891883E-02   8.71367231E-02   2.04268415E-02
   260.600006       4.13002819E-02   8.53007883E-02   1.99964531E-02
   262.600006       4.04341333E-02   8.35118666E-02   1.95770878E-02
   264.600006       3.95901203E-02   8.17686543E-02   1.91684440E-02
   266.600006       3.87674570E-02   8.00695419E-02   1.87701341E-02
   268.600006       3.79655212E-02   7.84132406E-02   1.83818545E-02
   270.600006       3.71836945E-02   7.67984688E-02   1.80033185E-02
   272.600006       3.64213102E-02   7.52238482E-02   1.76341925E-02
   274.600006       3.56778465E-02   7.36883134E-02   1.72742289E-02
   276.600006       3.49527150E-02   7.21906573E-02   1.69231370E-02
   278.600006       3.42453718E-02   7.07297102E-02   1.65806636E-02
   280.600006       3.35552432E-02   6.93043321E-02   1.62465218E-02
   282.600006       3.28819156E-02   6.79136589E-02   1.59205124E-02
   284.600006       3.22248265E-02   6.65565133E-02   1.56023717E-02
   286.600006       3.15834954E-02   6.52319193E-02   1.52918566E-02
   288.600006       3.09574753E-02   6.39389530E-02   1.49887549E-02
   290.600006       3.03463694E-02   6.26767948E-02   1.46928709E-02
   292.600006       2.97497474E-02   6.14445359E-02   1.44040072E-02
   294.600006       2.91671511E-02   6.02412522E-02   1.41219301E-02
   296.600006       2.85981931E-02   5.90661392E-02   1.38464570E-02
   298.600006       2.80425269E-02   5.79184815E-02   1.35774147E-02
   300.600006       2.74997428E-02   5.67974225E-02   1.33146169E-02
   302.600006       2.69694701E-02   5.57022095E-02   1.30578727E-02
   304.600006       2.64514014E-02   5.46322092E-02   1.28070358E-02
   306.600006       2.59451978E-02   5.35866953E-02   1.25619490E-02
   308.600006       2.54505165E-02   5.25649861E-02   1.23224379E-02
   310.600006       2.49670222E-02   5.15663847E-02   1.20883426E-02
   312.600006       2.44944915E-02   5.05904406E-02   1.18595539E-02
   314.600006       2.40325704E-02   4.96363901E-02   1.16359070E-02
   316.600006       2.35809311E-02   4.87035848E-02   1.14172362E-02
   318.600006       2.31393836E-02   4.77916300E-02   1.12034492E-02
   320.600006       2.27076299E-02   4.68998849E-02   1.09944083E-02
   322.600006       2.22853925E-02   4.60278057E-02   1.07899718E-02
   324.600006       2.18724459E-02   4.51749153E-02   1.05900345E-02
   326.600006       2.14685239E-02   4.43406701E-02   1.03944642E-02
   328.600006       2.10734047E-02   4.35245931E-02   1.02031613E-02
   330.600006       2.06868686E-02   4.27262485E-02   1.00160111E-02
   332.600006       2.03086734E-02   4.19451259E-02   9.83289815E-03
   334.600006       1.99386403E-02   4.11808789E-02   9.65373777E-03
   336.600006       1.95765141E-02   4.04329449E-02   9.47840791E-03
   338.600006       1.92221422E-02   3.97010259E-02   9.30683035E-03
   340.600006       1.88752841E-02   3.89846414E-02   9.13888961E-03
   342.600006       1.85357891E-02   3.82834487E-02   8.97451676E-03
   344.600006       1.82034504E-02   3.75970453E-02   8.81360844E-03
   346.600006       1.78780947E-02   3.69250588E-02   8.65607895E-03
   348.600006       1.75595377E-02   3.62671278E-02   8.50184169E-03
   350.600006       1.72476266E-02   3.56229022E-02   8.35082494E-03
   352.600006       1.69421993E-02   3.49920802E-02   8.20294581E-03
   354.600006       1.66430958E-02   3.43743265E-02   8.05812608E-03
   356.600006       1.63501389E-02   3.37692499E-02   7.91628659E-03
   358.600006       1.60632133E-02   3.31766419E-02   7.77736492E-03
   360.600006       1.57821402E-02   3.25961150E-02   7.64127588E-03
   362.600006       1.55068021E-02   3.20274457E-02   7.50796404E-03
   364.600006       1.52370576E-02   3.14703137E-02   7.37736281E-03
   366.600006       1.49727724E-02   3.09244655E-02   7.24940374E-03
   368.600006       1.47138312E-02   3.03896535E-02   7.12403096E-03
   370.600006       1.44600682E-02   2.98655443E-02   7.00116483E-03
   372.600006       1.42114032E-02   2.93519497E-02   6.88076951E-03
   374.600006       1.39676845E-02   2.88485773E-02   6.76276721E-03
   376.600006       1.37288105E-02   2.83552147E-02   6.64710999E-03
   378.600006       1.34946899E-02   2.78716646E-02   6.53375639E-03
   380.600006       1.32651553E-02   2.73975879E-02   6.42262213E-03
   382.600006       1.30401552E-02   2.69328766E-02   6.31368300E-03
   384.600006       1.28195770E-02   2.64773071E-02   6.20688498E-03
   386.600006       1.26033025E-02   2.60306075E-02   6.10217080E-03
   388.600006       1.23912413E-02   2.55926233E-02   5.99949714E-03
   390.600006       1.21832993E-02   2.51631476E-02   5.89881651E-03
   392.600006       1.19793750E-02   2.47419626E-02   5.80008328E-03
   394.600006       1.17793921E-02   2.43289210E-02   5.70325647E-03
   396.600006       1.15832416E-02   2.39237957E-02   5.60828578E-03
   398.600006       1.13908472E-02   2.35264339E-02   5.51513303E-03
   400.600006       1.12021435E-02   2.31366828E-02   5.42376842E-03
   402.600006       1.10170329E-02   2.27543600E-02   5.33414306E-03
   404.600006       1.08354213E-02   2.23792624E-02   5.24621177E-03
   406.600006       1.06572499E-02   2.20112763E-02   5.15994523E-03
   408.600006       1.04824482E-02   2.16502398E-02   5.07531222E-03
   410.600006       1.03109172E-02   2.12959610E-02   4.99226153E-03
   412.600006       1.01426067E-02   2.09483411E-02   4.91076894E-03
   414.600006       9.97746177E-03   2.06072517E-02   4.83081164E-03
   416.600006       9.81537905E-03   2.02724878E-02   4.75233607E-03
   418.600006       9.65630077E-03   1.99439321E-02   4.67531430E-03
   420.600006       9.50017851E-03   1.96214821E-02   4.59972303E-03
   422.600006       9.34694055E-03   1.93049833E-02   4.52553062E-03
   424.600006       9.19652451E-03   1.89943183E-02   4.45270352E-03
   426.600006       9.04886704E-03   1.86893493E-02   4.38121147E-03
   428.600006       8.90391693E-03   1.83899738E-02   4.31103073E-03
   430.600006       8.76161177E-03   1.80960577E-02   4.24213056E-03
   432.600006       8.62189289E-03   1.78074855E-02   4.17448254E-03
   434.600006       8.48471187E-03   1.75241567E-02   4.10806201E-03
   436.600006       8.35001655E-03   1.72459576E-02   4.04284755E-03
   438.600006       8.21775477E-03   1.69727877E-02   3.97880981E-03
   440.600006       8.08787160E-03   1.67045295E-02   3.91592458E-03
   442.600006       7.96031393E-03   1.64410770E-02   3.85416392E-03
   444.600006       7.83504546E-03   1.61823463E-02   3.79351247E-03
   446.600006       7.71200703E-03   1.59282256E-02   3.73394089E-03
   448.600006       7.59117072E-03   1.56786554E-02   3.67543474E-03
   450.600006       7.47247878E-03   1.54335126E-02   3.61796748E-03
   452.600006       7.35588558E-03   1.51927024E-02   3.56151629E-03
   454.600006       7.24135013E-03   1.49561428E-02   3.50606116E-03
   456.600006       7.12883240E-03   1.47237517E-02   3.45158321E-03
   458.600006       7.01829093E-03   1.44954408E-02   3.39806220E-03
   460.600006       6.90969452E-03   1.42711475E-02   3.34548252E-03
   462.600006       6.80298731E-03   1.40507575E-02   3.29381810E-03
   464.600006       6.69815298E-03   1.38342334E-02   3.24306008E-03
   466.600006       6.59513241E-03   1.36214579E-02   3.19318054E-03
   468.600006       6.49389718E-03   1.34123676E-02   3.14416504E-03
   470.600006       6.39441842E-03   1.32069066E-02   3.09600029E-03
   472.600006       6.29666075E-03   1.30049996E-02   3.04866908E-03
   474.600006       6.20058551E-03   1.28065664E-02   3.00215161E-03
   476.600006       6.10615592E-03   1.26115363E-02   2.95643182E-03
   478.600006       6.01334684E-03   1.24198496E-02   2.91149598E-03
   480.600006       5.92212100E-03   1.22314338E-02   2.86732707E-03
   482.600006       5.83245140E-03   1.20462319E-02   2.82391161E-03
   484.600006       5.74431010E-03   1.18641863E-02   2.78123608E-03
   486.600006       5.65765938E-03   1.16852187E-02   2.73928186E-03
   488.600006       5.57248387E-03   1.15092993E-02   2.69804243E-03
   490.600006       5.48874121E-03   1.13363387E-02   2.65749637E-03
   492.600006       5.40641462E-03   1.11663025E-02   2.61763623E-03
   494.600006       5.32546546E-03   1.09991124E-02   2.57844292E-03
   496.600006       5.24587883E-03   1.08347349E-02   2.53990921E-03
   498.600006       5.16762305E-03   1.06731076E-02   2.50201998E-03
   500.600006       5.09067159E-03   1.05141737E-02   2.46476219E-03
   502.600006       5.01500629E-03   1.03578959E-02   2.42812722E-03
   504.600006       4.94059594E-03   1.02042109E-02   2.39209970E-03
   506.600006       4.86742100E-03   1.00530759E-02   2.35667033E-03
   508.600006       4.79545351E-03   9.90443490E-03   2.32182560E-03
   510.600006       4.72467951E-03   9.75826010E-03   2.28755875E-03
   512.599976       4.65506734E-03   9.61448438E-03   2.25385465E-03
   514.599976       4.58660442E-03   9.47308354E-03   2.22070678E-03
   516.599976       4.51926002E-03   9.33399145E-03   2.18810048E-03
   518.599976       4.45301738E-03   9.19717364E-03   2.15602759E-03
   520.599976       4.38785832E-03   9.06259567E-03   2.12447951E-03
   522.599976       4.32375958E-03   8.93020816E-03   2.09344458E-03
   524.599976       4.26070485E-03   8.79997574E-03   2.06291536E-03
   526.599976       4.19867132E-03   8.67185276E-03   2.03288021E-03
   528.599976       4.13764734E-03   8.54581594E-03   2.00333423E-03
   530.599976       4.07760683E-03   8.42180941E-03   1.97426416E-03
   532.599976       4.01853444E-03   8.29980243E-03   1.94566313E-03
   534.599976       3.96041106E-03   8.17975588E-03   1.91752159E-03
   536.599976       3.90322134E-03   8.06163717E-03   1.88983162E-03
   538.599976       3.84695409E-03   7.94542395E-03   1.86258857E-03
   540.599976       3.79158091E-03   7.83105753E-03   1.83577859E-03
   542.599976       3.73709761E-03   7.71852862E-03   1.80939923E-03
   544.599976       3.68347578E-03   7.60777947E-03   1.78343710E-03
   546.599976       3.63070751E-03   7.49879191E-03   1.75788801E-03
   548.599976       3.57877929E-03   7.39154033E-03   1.73274579E-03
   550.599976       3.52767296E-03   7.28598703E-03   1.70800160E-03
   552.599976       3.47736944E-03   7.18209054E-03   1.68364611E-03
   554.599976       3.42786592E-03   7.07984716E-03   1.65967783E-03
   556.599976       3.37913912E-03   6.97920844E-03   1.63608557E-03
   558.599976       3.33118043E-03   6.88015483E-03   1.61286525E-03
   560.599976       3.28397076E-03   6.78264908E-03   1.59000768E-03
   562.599976       3.23750288E-03   6.68667536E-03   1.56750926E-03
   564.599976       3.19175748E-03   6.59219315E-03   1.54536054E-03
   566.599976       3.14673083E-03   6.49919640E-03   1.52355991E-03
   568.599976       3.10240081E-03   6.40763808E-03   1.50209654E-03
   570.599976       3.05876252E-03   6.31750841E-03   1.48096809E-03
   572.599976       3.01579922E-03   6.22877292E-03   1.46016642E-03
   574.599976       2.97349994E-03   6.14140835E-03   1.43968628E-03
   576.599976       2.93185981E-03   6.05540583E-03   1.41952524E-03
   578.599976       2.89085507E-03   5.97071555E-03   1.39967189E-03
   580.599976       2.85048643E-03   5.88733889E-03   1.38012669E-03
   582.599976       2.81073409E-03   5.80523536E-03   1.36087963E-03
   584.599976       2.77159386E-03   5.72439563E-03   1.34192896E-03
   586.599976       2.73305434E-03   5.64479688E-03   1.32326921E-03
   588.599976       2.69510224E-03   5.56641165E-03   1.30489387E-03
   590.599976       2.65773153E-03   5.48922643E-03   1.28679990E-03
   592.599976       2.62092613E-03   5.41320955E-03   1.26897986E-03
   594.599976       2.58468161E-03   5.33835078E-03   1.25143118E-03
   596.599976       2.54899147E-03   5.26463706E-03   1.23415107E-03
   598.599976       2.51383567E-03   5.19202696E-03   1.21712964E-03
   600.599976       2.47921632E-03   5.12052467E-03   1.20036781E-03
   602.599976       2.44512083E-03   5.05010458E-03   1.18385977E-03
   604.599976       2.41153641E-03   4.98074014E-03   1.16759923E-03
   606.599976       2.37845909E-03   4.91242297E-03   1.15158409E-03
   608.599976       2.34587677E-03   4.84512793E-03   1.13580853E-03
   610.599976       2.31378386E-03   4.77884384E-03   1.12027000E-03
   612.599976       2.28217267E-03   4.71355487E-03   1.10496476E-03
   614.599976       2.25103274E-03   4.64923959E-03   1.08988781E-03
   616.599976       2.22036056E-03   4.58588963E-03   1.07503717E-03
   618.599976       2.19014357E-03   4.52347938E-03   1.06040691E-03
   620.599976       2.16037687E-03   4.46199998E-03   1.04599469E-03
   622.599976       2.13105348E-03   4.40143608E-03   1.03179703E-03
   624.599976       2.10216269E-03   4.34176531E-03   1.01780891E-03
   626.599976       2.07369984E-03   4.28297883E-03   1.00402802E-03
   628.599976       2.04565842E-03   4.22506267E-03   9.90451197E-04
   630.599976       2.01803260E-03   4.16800519E-03   9.77075542E-04
   632.599976       1.99081190E-03   4.11178358E-03   9.63895873E-04
   634.599976       1.96399144E-03   4.05638944E-03   9.50910267E-04
   636.599976       1.93756539E-03   4.00180975E-03   9.38115525E-04
   638.599976       1.91152643E-03   3.94802913E-03   9.25508153E-04
   640.599976       1.88587059E-03   3.89503990E-03   9.13086231E-04
   642.599976       1.86058762E-03   3.84282111E-03   9.00844927E-04
   644.599976       1.83567475E-03   3.79136694E-03   8.88782903E-04
   646.599976       1.81112636E-03   3.74066504E-03   8.76897248E-04
   648.599976       1.78693677E-03   3.69070424E-03   8.65185284E-04
   650.599976       1.76309631E-03   3.64146451E-03   8.53642414E-04
   652.599976       1.73960067E-03   3.59293725E-03   8.42266483E-04
   654.599976       1.71644823E-03   3.54511850E-03   8.31056735E-04
   656.599976       1.69362826E-03   3.49798636E-03   8.20007874E-04
   658.599976       1.67113997E-03   3.45153967E-03   8.09119665E-04
   660.599976       1.64897472E-03   3.40576028E-03   7.98387919E-04
   662.599976       1.62713125E-03   3.36064491E-03   7.87811819E-04
   664.599976       1.60559895E-03   3.31617286E-03   7.77386595E-04
   666.599976       1.58437621E-03   3.27233970E-03   7.67111080E-04
   668.599976       1.56345963E-03   3.22913891E-03   7.56983878E-04
   670.599976       1.54284295E-03   3.18655767E-03   7.47001846E-04
   672.599976       1.52251986E-03   3.14458273E-03   7.37161958E-04
   674.599976       1.50248827E-03   3.10321013E-03   7.27463281E-04
   676.599976       1.48274156E-03   3.06242518E-03   7.17902381E-04
   678.599976       1.46327598E-03   3.02222162E-03   7.08477688E-04
   680.599976       1.44408655E-03   2.98258825E-03   6.99186756E-04
   682.599976       1.42517081E-03   2.94351997E-03   6.90028188E-04
   684.599976       1.40652282E-03   2.90500466E-03   6.80999365E-04
   686.599976       1.38813863E-03   2.86703417E-03   6.72098249E-04
